// Jest Snapshot v1, https://goo.gl/fbAQLP

exports[`Form component renders correctly 1`] = `
<form
  action="#"
  className="sign-in__form"
>
  <div
    className="sign-in__fields"
  >
    <div
      className="sign-in__field"
    >
      <input
        className="sign-in__input"
        id="user-email"
        name="user-email"
        placeholder="Email"
        type="email"
      />
      <label
        className="sign-in__label visually-hidden"
        htmlFor="user-email"
      >
        Email
      </label>
    </div>
    <div
      className="sign-in__field"
    >
      <input
        className="sign-in__input"
        id="user-password"
        name="user-password"
        placeholder="Пароль"
        type="password"
      />
      <label
        className="sign-in__label visually-hidden"
        htmlFor="user-password"
      >
        Пароль
      </label>
    </div>
  </div>
  <div
    className="sign-in__submit"
  >
    <button
      className="sign-in__btn"
      type="submit"
    >
      Войти
    </button>
  </div>
</form>
`;
