// Jest Snapshot v1, https://goo.gl/fbAQLP

exports[`GenresList component renders correctly 1`] = `
<ul
  className="catalog__genres-list"
>
  <li
    className="catalog__genres-item"
  >
    <a
      className="catalog__genres-link"
      href="#/?genre=all-genres"
      onClick={[Function]}
    >
      Все жанры
    </a>
  </li>
  <li
    className="catalog__genres-item catalog__genres-item--active"
  >
    <a
      className="catalog__genres-link"
      href="#/?genre=comedy"
      onClick={[Function]}
    >
      Комедия
    </a>
  </li>
  <li
    className="catalog__genres-item"
  >
    <a
      className="catalog__genres-link"
      href="#/?genre=fantastic"
      onClick={[Function]}
    >
      Фантастика
    </a>
  </li>
</ul>
`;
