// Jest Snapshot v1, https://goo.gl/fbAQLP

exports[`GenresList component renders correctly 1`] = `
<ul
  className="catalog__genres-list"
>
  <li
    className="catalog__genres-item"
  >
    <a
      className="catalog__genres-link"
      href="#/?genre=all-genres"
      onClick={[Function]}
    >
      Все жанры
    </a>
  </li>
  <li
    className="catalog__genres-item"
  >
    <a
      className="catalog__genres-link"
      href="#/?genre=drama"
      onClick={[Function]}
    >
      Драма
    </a>
  </li>
  <li
    className="catalog__genres-item"
  >
    <a
      className="catalog__genres-link"
      href="#/?genre=fantasy"
      onClick={[Function]}
    >
      Фэнтези
    </a>
  </li>
  <li
    className="catalog__genres-item"
  >
    <a
      className="catalog__genres-link"
      href="#/?genre=crime"
      onClick={[Function]}
    >
      Криминал
    </a>
  </li>
  <li
    className="catalog__genres-item"
  >
    <a
      className="catalog__genres-link"
      href="#/?genre=melodrama"
      onClick={[Function]}
    >
      Мелодрама
    </a>
  </li>
  <li
    className="catalog__genres-item catalog__genres-item--active"
  >
    <a
      className="catalog__genres-link"
      href="#/?genre=comedy"
      onClick={[Function]}
    >
      Комедия
    </a>
  </li>
  <li
    className="catalog__genres-item"
  >
    <a
      className="catalog__genres-link"
      href="#/?genre=bio"
      onClick={[Function]}
    >
      Биография
    </a>
  </li>
  <li
    className="catalog__genres-item"
  >
    <a
      className="catalog__genres-link"
      href="#/?genre=history"
      onClick={[Function]}
    >
      История
    </a>
  </li>
  <li
    className="catalog__genres-item"
  >
    <a
      className="catalog__genres-link"
      href="#/?genre=fantastic"
      onClick={[Function]}
    >
      Фантастика
    </a>
  </li>
  <li
    className="catalog__genres-item"
  >
    <a
      className="catalog__genres-link"
      href="#/?genre=action"
      onClick={[Function]}
    >
      Боевик
    </a>
  </li>
  <li
    className="catalog__genres-item"
  >
    <a
      className="catalog__genres-link"
      href="#/?genre=thriller"
      onClick={[Function]}
    >
      Триллер
    </a>
  </li>
  <li
    className="catalog__genres-item"
  >
    <a
      className="catalog__genres-link"
      href="#/?genre=cartoon"
      onClick={[Function]}
    >
      Мультфильм
    </a>
  </li>
  <li
    className="catalog__genres-item"
  >
    <a
      className="catalog__genres-link"
      href="#/?genre=musical"
      onClick={[Function]}
    >
      Мюзикл
    </a>
  </li>
  <li
    className="catalog__genres-item"
  >
    <a
      className="catalog__genres-link"
      href="#/?genre=adventures"
      onClick={[Function]}
    >
      Приключения
    </a>
  </li>
  <li
    className="catalog__genres-item"
  >
    <a
      className="catalog__genres-link"
      href="#/?genre=war"
      onClick={[Function]}
    >
      Военный
    </a>
  </li>
  <li
    className="catalog__genres-item"
  >
    <a
      className="catalog__genres-link"
      href="#/?genre=detective"
      onClick={[Function]}
    >
      Детектив
    </a>
  </li>
  <li
    className="catalog__genres-item"
  >
    <a
      className="catalog__genres-link"
      href="#/?genre=family"
      onClick={[Function]}
    >
      Семейный
    </a>
  </li>
  <li
    className="catalog__genres-item"
  >
    <a
      className="catalog__genres-link"
      href="#/?genre=anime"
      onClick={[Function]}
    >
      Аниме
    </a>
  </li>
  <li
    className="catalog__genres-item"
  >
    <a
      className="catalog__genres-link"
      href="#/?genre=western"
      onClick={[Function]}
    >
      Вестерн
    </a>
  </li>
  <li
    className="catalog__genres-item"
  >
    <a
      className="catalog__genres-link"
      href="#/?genre=music"
      onClick={[Function]}
    >
      Музыка
    </a>
  </li>
  <li
    className="catalog__genres-item"
  >
    <a
      className="catalog__genres-link"
      href="#/?genre=documentary"
      onClick={[Function]}
    >
      Документальный
    </a>
  </li>
  <li
    className="catalog__genres-item"
  >
    <a
      className="catalog__genres-link"
      href="#/?genre=sport"
      onClick={[Function]}
    >
      Спорт
    </a>
  </li>
  <li
    className="catalog__genres-item"
  >
    <a
      className="catalog__genres-link"
      href="#/?genre=noir"
      onClick={[Function]}
    >
      Фильм-нуар
    </a>
  </li>
  <li
    className="catalog__genres-item"
  >
    <a
      className="catalog__genres-link"
      href="#/?genre=horror"
      onClick={[Function]}
    >
      Ужасы
    </a>
  </li>
</ul>
`;
