// Jest Snapshot v1, https://goo.gl/fbAQLP

exports[`VideoPlayer component should renders correct 1`] = `
<iframe
  allowFullScreen={false}
  frameBorder="10"
  src="https://youtube.com/embed/xFxgu0ScjJ0?autoplay=1&mute=1&controls=0"
  style={
    Object {
      "height": "100%",
      "position": "absolute",
      "top": 0,
      "width": "100%",
      "zIndex": 4,
    }
  }
/>
`;
