// Jest Snapshot v1, https://goo.gl/fbAQLP

exports[`PageMovie component renders correctly 1`] = `
Array [
  <section
    className="movie-card movie-card--full"
  >
    <div
      className="movie-card__hero"
    >
      <div
        className="movie-card__bg"
      >
        <img
          alt="Соединённые Штаты против Билли Холидей"
          src="https://kinopoiskapiunofficial.tech/images/posters/kp/1302121.jpg"
        />
      </div>
      <h1
        className="visually-hidden"
      >
        WTW
      </h1>
      <header
        className="page-header movie-card__head"
      >
        <div
          className="logo"
        >
          <a
            className="logo__link "
            href="#/"
            onClick={[Function]}
          >
            <span
              className="logo__letter logo__letter--1"
            >
              W
            </span>
            <span
              className="logo__letter logo__letter--2"
            >
              T
            </span>
            <span
              className="logo__letter logo__letter--3"
            >
              W
            </span>
          </a>
        </div>
        <div
          className="user-block"
        >
          <a
            className="user-block__link"
            href="#/login"
            onClick={[Function]}
          >
            Вход
          </a>
        </div>
      </header>
      <div
        className="movie-card__wrap"
      >
        <div
          className="movie-card__desc"
        >
          <h2
            className="movie-card__title"
          >
            Соединённые Штаты против Билли Холидей
          </h2>
          <p
            className="movie-card__meta"
          >
            <span
              className="movie-card__genre"
            >
              драма
            </span>
            <span
              className="movie-card__genre"
            >
              биография
            </span>
            <span
              className="movie-card__genre"
            >
              музыка
            </span>
            <span
              className="movie-card__year"
            >
              2021
            </span>
          </p>
          <div
            className="movie-card__buttons"
          >
            <div
              className="movie-card__buttons"
            >
              <button
                className="btn btn--play movie-card__button"
                onClick={[Function]}
                type="button"
              >
                <svg
                  height="20"
                  viewBox="0 0 19 20"
                  width="19"
                >
                  <use
                    xlinkHref="#play-s"
                  />
                </svg>
                <span>
                  Смотреть
                </span>
              </button>
              <button
                className="btn btn--list movie-card__button"
                onClick={[Function]}
                type="button"
              >
                <svg
                  height="20"
                  viewBox="0 0 19 20"
                  width="19"
                >
                  <use
                    xlinkHref="#add"
                  />
                </svg>
                <span>
                  Сохранить
                </span>
              </button>
              <button
                className="btn  movie-card__button"
                onClick={[Function]}
                type="button"
              >
                
                <span>
                  Написать отзыв
                </span>
              </button>
            </div>
          </div>
        </div>
      </div>
    </div>
    <div
      className="movie-card__wrap movie-card__translate-top"
    >
      <div
        className="movie-card__info"
      >
        <div
          className="movie-card__poster movie-card__poster--big"
        >
          <img
            alt="Соединённые Штаты против Билли Холидей"
            height="327"
            src="https://kinopoiskapiunofficial.tech/images/posters/kp/1302121.jpg"
            width="218"
          />
        </div>
        <div
          className="movie-card__desc"
        >
          <nav
            className="movie-nav movie-card__nav"
          >
            <ul
              className="movie-nav__list"
            >
              <li
                className="movie-nav__item movie-nav__item--active"
              >
                <a
                  className="movie-nav__link"
                  href="#"
                  onClick={[Function]}
                >
                  Описание
                </a>
              </li>
              <li
                className="movie-nav__item"
              >
                <a
                  className="movie-nav__link"
                  href="#"
                  onClick={[Function]}
                >
                  Информация
                </a>
              </li>
              <li
                className="movie-nav__item"
              >
                <a
                  className="movie-nav__link"
                  href="#"
                  onClick={[Function]}
                >
                  Отзывы
                </a>
              </li>
            </ul>
          </nav>
          <div
            className="movie-rating"
          >
            <div
              className="movie-rating__score"
            >
              5.8
            </div>
            <p
              className="movie-rating__meta"
            >
              <span
                className="movie-rating__level"
              >
                Хорошо
              </span>
              <span
                className="movie-rating__count"
              >
                586
                 голосов
              </span>
            </p>
          </div>
          <div
            className="movie-card__text"
          >
            <p>
              В 1940-х правительство США начинает войну против наркотиков. Ведомые предубеждениями против цветного населения чиновники выбирают своей целью популярную певицу Билли Холидей.
            </p>
            <p
              className="movie-card__director"
            >
              <strong>
                Режиссер: 
                Ли Дэниелс
              </strong>
            </p>
            <p
              className="movie-card__starring"
            >
              <strong>
                В ролях: 
                Андра Дэй, 
                Гаррет Хедлунд, 
                Наташа Лионн, 
                Тайлер Джеймс Уильямс, 
                Треванте Роудс и другие
              </strong>
            </p>
          </div>
        </div>
      </div>
    </div>
  </section>,
  <div
    className="page-content"
  >
    <section
      className="catalog"
    >
      <h2
        className="catalog__title visually-hidden"
      >
        Catalog
      </h2>
      <h2
        className="catalog__title"
      >
        Похожие фильмы
      </h2>
      <div
        className="catalog__movies-list"
      >
        <p>
          Не найдено
        </p>
      </div>
    </section>
    <footer
      className="page-footer"
    >
      <div
        className="logo"
      >
        <a
          className="logo__link logo__link--light"
          href="#/"
          onClick={[Function]}
        >
          <span
            className="logo__letter logo__letter--1"
          >
            W
          </span>
          <span
            className="logo__letter logo__letter--2"
          >
            T
          </span>
          <span
            className="logo__letter logo__letter--3"
          >
            W
          </span>
        </a>
      </div>
      <div
        className="copyright"
      >
        <p>
          © 2021 What to watch Ltd.
        </p>
      </div>
    </footer>
  </div>,
]
`;
